# 3. Use Rust instead

Date: 2024-03-20

## Status

Accepted

Supercedes [2. Use Go for implementation](0002-use-go-for-implementation.md)

## Context

The issue motivating this decision, and any context that influences or constrains the decision.

## Decision

The change that we're proposing or have agreed to implement.

## Consequences

What becomes easier or more difficult to do and any risks introduced by the change that will need to be mitigated.
